// Jest Snapshot v1, https://goo.gl/fbAQLP

exports[`Todo component should render as expected 1`] = `
<div>
  <Segment>
    <Grid
      verticalAlign="middle"
    >
      <GridColumn
        width={1}
      >
        <Icon
          as="i"
          color="yellow"
          name="empty star"
          onClick={[Function]}
        />
      </GridColumn>
      <GridColumn
        width={7}
      />
      <GridColumn
        width={4}
      >
        Today at 10:32 AM
      </GridColumn>
      <GridColumn
        width={1}
      >
        <Checkbox
          onClick={[Function]}
          type="checkbox"
        />
      </GridColumn>
      <GridColumn
        width={2}
      >
        <ButtonGroup>
          <DeleteModal
            handleDelete={[Function]}
          />
          <Button
            as="button"
            color="grey"
            icon="edit"
            onClick={[Function]}
          />
        </ButtonGroup>
      </GridColumn>
    </Grid>
  </Segment>
  <EditToDoModal
    date="10:32 AM, Oct 17th 2017"
    handleDelete={[Function]}
    isOpen={false}
    onClose={[Function]}
  />
</div>
`;
